
> hims-app@0.1.0 build
> next build

   ▲ Next.js 15.1.3
   - Environments: .env

   Creating an optimized production build ...
